// Jest Snapshot v1, https://goo.gl/fbAQLP

exports[`Should FilmPageTabs details tab render correctly 1`] = `
<div
  className="movie-card__desc"
>
  <nav
    className="movie-nav movie-card__nav"
  >
    <ul
      className="movie-nav__list"
    >
      <li
        className="movie-nav__item "
      >
        <a
          className="movie-nav__link"
          href="#"
          onClick={[Function]}
        >
          Overview
        </a>
      </li>
      <li
        className="movie-nav__item movie-nav__item--active"
      >
        <a
          className="movie-nav__link"
          href="#"
          onClick={[Function]}
        >
          Details
        </a>
      </li>
      <li
        className="movie-nav__item false"
      >
        <a
          className="movie-nav__link"
          href="#"
          onClick={[Function]}
        >
          Reviews
        </a>
      </li>
    </ul>
  </nav>
  <div
    className="movie-card__text movie-card__row"
  >
    <div
      className="movie-card__text-col"
    >
      <p
        className="movie-card__details-item"
      >
        <strong
          className="movie-card__details-name"
        >
          Director
        </strong>
        <span
          className="movie-card__details-value"
        >
          David Yates
        </span>
      </p>
      <p
        className="movie-card__details-item"
      >
        <strong
          className="movie-card__details-name"
        >
          Starring
        </strong>
        <span
          className="movie-card__details-value"
        >
          Johnny Depp
          , 
          <br />
          Kevin Guthrie
          , 
          <br />
          Carmen Ejogo
          , 
          <br />
          Wolf Roth
          , 
          <br />
          Eddie Redmayne
          , 
          <br />
          ZoÃ« Kravitz
          , 
          <br />
          Callum Turner
          , 
          <br />
          Derek Riddell
          , 
          <br />
          Cornell John
          , 
          <br />
          Ezra Miller
          , 
          <br />
          Ingvar Sigurdsson
          , 
          <br />
          Poppy Corby
          
        </span>
      </p>
    </div>
    <div
      className="movie-card__text-col"
    >
      <p
        className="movie-card__details-item"
      >
        <strong
          className="movie-card__details-name"
        >
          Run Time
        </strong>
        <span
          className="movie-card__details-value"
        >
          2h 14m
        </span>
      </p>
      <p
        className="movie-card__details-item"
      >
        <strong
          className="movie-card__details-name"
        >
          Genre
        </strong>
        <span
          className="movie-card__details-value"
        >
          Adventure
        </span>
      </p>
      <p
        className="movie-card__details-item"
      >
        <strong
          className="movie-card__details-name"
        >
          Released
        </strong>
        <span
          className="movie-card__details-value"
        >
          2018
        </span>
      </p>
    </div>
  </div>
</div>
`;

exports[`Should FilmPageTabs overview tab render correctly 1`] = `
<div
  className="movie-card__desc"
>
  <nav
    className="movie-nav movie-card__nav"
  >
    <ul
      className="movie-nav__list"
    >
      <li
        className="movie-nav__item movie-nav__item--active"
      >
        <a
          className="movie-nav__link"
          href="#"
          onClick={[Function]}
        >
          Overview
        </a>
      </li>
      <li
        className="movie-nav__item false"
      >
        <a
          className="movie-nav__link"
          href="#"
          onClick={[Function]}
        >
          Details
        </a>
      </li>
      <li
        className="movie-nav__item false"
      >
        <a
          className="movie-nav__link"
          href="#"
          onClick={[Function]}
        >
          Reviews
        </a>
      </li>
    </ul>
  </nav>
  <div
    className="movie-rating"
  >
    <div
      className="movie-rating__score"
    >
      8,9
    </div>
    <p
      className="movie-rating__meta"
    >
      <span
        className="movie-rating__level"
      >
        Very good
      </span>
      <span
        className="movie-rating__count"
      >
        240 ratings
      </span>
    </p>
  </div>
  <div
    className="movie-card__text"
  >
    <p>
      The second installment of the "Fantastic Beasts" series featuring the adventures of Magizoologist Newt Scamander.
    </p>
    <p>
      In an effort to thwart Grindelwald's plans of raising pure-blood wizards to rule over all non-magical beings, Albus Dumbledore enlists his former student Newt Scamander, who agrees to help, though he's unaware of the dangers that lie ahead. Lines are drawn as love and loyalty are tested, even among the truest friends and family, in an increasingly divided wizarding world.
    </p>
    <p
      className="movie-card__director"
    >
      <strong>
        Director: 
        David Yates
      </strong>
    </p>
    <p
      className="movie-card__starring"
    >
      <strong>
        Starring: 
        Johnny Depp, Kevin Guthrie, Carmen Ejogo, Wolf Roth and other
      </strong>
    </p>
  </div>
</div>
`;

exports[`Should FilmPageTabs reviews tab render correctly 1`] = `
<div
  className="movie-card__desc"
>
  <nav
    className="movie-nav movie-card__nav"
  >
    <ul
      className="movie-nav__list"
    >
      <li
        className="movie-nav__item "
      >
        <a
          className="movie-nav__link"
          href="#"
          onClick={[Function]}
        >
          Overview
        </a>
      </li>
      <li
        className="movie-nav__item false"
      >
        <a
          className="movie-nav__link"
          href="#"
          onClick={[Function]}
        >
          Details
        </a>
      </li>
      <li
        className="movie-nav__item movie-nav__item--active"
      >
        <a
          className="movie-nav__link"
          href="#"
          onClick={[Function]}
        >
          Reviews
        </a>
      </li>
    </ul>
  </nav>
  <div
    className="movie-card__reviews movie-card__row"
  >
    <div
      className="movie-card__reviews-col"
    >
      <div
        className="review"
      >
        <blockquote
          className="review__quote"
        >
          <p
            className="review__text"
          >
            Discerning travellers and Wes Anderson fans will luxuriate in the glorious Mittel-European kitsch of one of the director's funniest and most exquisitely designed movies in years.
          </p>
          <footer
            className="review__details"
          >
            <cite
              className="review__author"
            >
              Kate Muir
            </cite>
            <time
              className="review__date"
              dateTime="2016-12-24"
            >
              December 24, 2016
            </time>
          </footer>
        </blockquote>
        <div
          className="review__rating"
        >
          8,9
        </div>
      </div>
      <div
        className="review"
      >
        <blockquote
          className="review__quote"
        >
          <p
            className="review__text"
          >
            Anderson's films are too precious for some, but for those of us willing to lose ourselves in them, they're a delight. "The Grand Budapest Hotel" is no different, except that he has added a hint of gravitas to the mix, improving the recipe.
          </p>
          <footer
            className="review__details"
          >
            <cite
              className="review__author"
            >
              Bill Goodykoontz
            </cite>
            <time
              className="review__date"
              dateTime="2015-11-18"
            >
              November 18, 2015
            </time>
          </footer>
        </blockquote>
        <div
          className="review__rating"
        >
          8,0
        </div>
      </div>
      <div
        className="review"
      >
        <blockquote
          className="review__quote"
        >
          <p
            className="review__text"
          >
            I didn't find it amusing, and while I can appreciate the creativity, it's an hour and 40 minutes I wish I could take back.
          </p>
          <footer
            className="review__details"
          >
            <cite
              className="review__author"
            >
              Amanda Greever
            </cite>
            <time
              className="review__date"
              dateTime="2015-11-18"
            >
              November 18, 2015
            </time>
          </footer>
        </blockquote>
        <div
          className="review__rating"
        >
          8,0
        </div>
      </div>
    </div>
    <div
      className="movie-card__reviews-col"
    >
      <div
        className="review"
      >
        <blockquote
          className="review__quote"
        >
          <p
            className="review__text"
          >
            The mannered, madcap proceedings are often delightful, occasionally silly, and here and there, gruesome and/or heartbreaking.
          </p>
          <footer
            className="review__details"
          >
            <cite
              className="review__author"
            >
              Matthew Lickona
            </cite>
            <time
              className="review__date"
              dateTime="2016-12-20"
            >
              December 20, 2016
            </time>
          </footer>
        </blockquote>
        <div
          className="review__rating"
        >
          7,2
        </div>
      </div>
      <div
        className="review"
      >
        <blockquote
          className="review__quote"
        >
          <p
            className="review__text"
          >
            It is certainly a magical and childlike way of storytelling, even if the content is a little more adult.
          </p>
          <footer
            className="review__details"
          >
            <cite
              className="review__author"
            >
              Paula Fleri-Soler
            </cite>
            <time
              className="review__date"
              dateTime="2016-12-20"
            >
              December 20, 2016
            </time>
          </footer>
        </blockquote>
        <div
          className="review__rating"
        >
          7,6
        </div>
      </div>
      <div
        className="review"
      >
        <blockquote
          className="review__quote"
        >
          <p
            className="review__text"
          >
            It is certainly a magical and childlike way of storytelling, even if the content is a little more adult.
          </p>
          <footer
            className="review__details"
          >
            <cite
              className="review__author"
            >
              Paula Fleri-Soler
            </cite>
            <time
              className="review__date"
              dateTime="2016-12-20"
            >
              December 20, 2016
            </time>
          </footer>
        </blockquote>
        <div
          className="review__rating"
        >
          7,0
        </div>
      </div>
    </div>
  </div>
</div>
`;

exports[`Should FilmPageTabs start tab render correctly 1`] = `
<div
  className="movie-card__desc"
>
  <nav
    className="movie-nav movie-card__nav"
  >
    <ul
      className="movie-nav__list"
    >
      <li
        className="movie-nav__item movie-nav__item--active"
      >
        <a
          className="movie-nav__link"
          href="#"
          onClick={[Function]}
        >
          Overview
        </a>
      </li>
      <li
        className="movie-nav__item false"
      >
        <a
          className="movie-nav__link"
          href="#"
          onClick={[Function]}
        >
          Details
        </a>
      </li>
      <li
        className="movie-nav__item false"
      >
        <a
          className="movie-nav__link"
          href="#"
          onClick={[Function]}
        >
          Reviews
        </a>
      </li>
    </ul>
  </nav>
  <div
    className="movie-rating"
  >
    <div
      className="movie-rating__score"
    >
      8,9
    </div>
    <p
      className="movie-rating__meta"
    >
      <span
        className="movie-rating__level"
      >
        Very good
      </span>
      <span
        className="movie-rating__count"
      >
        240 ratings
      </span>
    </p>
  </div>
  <div
    className="movie-card__text"
  >
    <p>
      The second installment of the "Fantastic Beasts" series featuring the adventures of Magizoologist Newt Scamander.
    </p>
    <p>
      In an effort to thwart Grindelwald's plans of raising pure-blood wizards to rule over all non-magical beings, Albus Dumbledore enlists his former student Newt Scamander, who agrees to help, though he's unaware of the dangers that lie ahead. Lines are drawn as love and loyalty are tested, even among the truest friends and family, in an increasingly divided wizarding world.
    </p>
    <p
      className="movie-card__director"
    >
      <strong>
        Director: 
        David Yates
      </strong>
    </p>
    <p
      className="movie-card__starring"
    >
      <strong>
        Starring: 
        Johnny Depp, Kevin Guthrie, Carmen Ejogo, Wolf Roth and other
      </strong>
    </p>
  </div>
</div>
`;
