// Jest Snapshot v1, https://goo.gl/fbAQLP

exports[`Should withVideoPlayer render correctly 1`] = `
<video
  className=""
/>
`;
